C51 COMPILER V9.57.0.0   CAR                                                               05/02/2021 17:01:27 PAGE 1   


C51 COMPILER V9.57.0.0, COMPILATION OF MODULE CAR
OBJECT MODULE PLACED IN .\Objects\car.obj
COMPILER INVOKED BY: D:\Keil_v5\C51\BIN\C51.EXE car.c OPTIMIZE(8,SPEED) BROWSE DEBUG OBJECTEXTEND PRINT(.\Listings\car.l
                    -st) OBJECT(.\Objects\car.obj)

line level    source

   1          #include<reg52.h>
   2          #include<CarInit.h>
   3          #define uchar unsigned char
   4          #define uint unsigned int
   5          /*位定义*/
   6          
   7          
   8          //PWM输出(控制舵机)
   9          sbit PWM1 =P3^3;
  10          sbit PWM2 =P3^4;
  11          
  12          uchar temp;            //temp储存蓝牙串口收到的信息
  13          uchar count;           //0.5ms次数标识
  14          uchar jd1,jd2;         //舵机角度标识
  15          void delay(uint z);    //声明延时函数
  16          void BlueteethInit();  //声明蓝牙初始化
  17          
  18          /*void duoji1_up()
  19          {
  20                  jd1++;                 
  21              num=0;              //按键按下 则20ms周期从新开始
  22              if(jd1==6)
  23                jd1=5;               //已经是180度，则保持       
  24          }
  25          void duoji1_dwon()
  26          {
  27                  jd1--;                 
  28              num=0;
  29              if(jd1==0)
  30                jd1=1;               //已经是0度，则保持
  31          }
  32          void duoji2_up()
  33          {
  34                  jd2++;                 
  35              num=0;              //按键按下 则20ms周期从新开始
  36              if(jd2==6)
  37                jd2=5;               //已经是180度，则保持       
  38          }  
  39          void duoji2_dwon()
  40          {
  41                  jd2--;                 
  42              num=0;
  43              if(jd2==0)
  44               jd2=1;               //已经是0度，则保持
  45          }         */
  46          
  47          
  48          void main()
  49          {
  50   1              jd1=14;
  51   1              jd2=6;
  52   1              count=0;
  53   1              Init();
  54   1              BlueteethInit();
C51 COMPILER V9.57.0.0   CAR                                                               05/02/2021 17:01:27 PAGE 2   

  55   1            while(1)
  56   1              {
  57   2                      switch(temp)
  58   2                      {
  59   3                     
  60   3                              case 0x01: go(); break;
  61   3                              case 0x02: back(); break;
  62   3                              case 0x03: left(); break;
  63   3                              case 0x04: right(); break;
  64   3                              case 0x00: stop(); break;   
  65   3      
  66   3                              case 0x05:                                                    //爪子
  67   3                                      jd1++;
  68   3                                      count=0;
  69   3                                      temp=0;
  70   3                                      if(jd1==15)
  71   3                                       jd2=3;                       
  72   3                                      if(jd1==18)
  73   3                                              {
  74   4                                                                                              jd1=17;
  75   4                                                                                              delay(200);
  76   4                                                                                              jd2=15;                                       
  77   4                                              }break;
  78   3                              case 0x06:                                             //上升下降   
  79   3                                      temp=0;
  80   3                                      jd1--;
  81   3                                      count=0;
  82   3                                      if(jd1==0)
  83   3                                              jd1=1; break;
  84   3       /*                       case 0x07:                                   //支架
  85   3                                      jd2++;
  86   3                                      count=0;
  87   3                                      temp=0;
  88   3                                      if(jd2==6)
  89   3                                               jd2=5; break;
  90   3                              case 0x08:        
  91   3                                      temp=0;
  92   3                                      jd2--;
  93   3                                      count=0;
  94   3                                      if(jd2==0)
  95   3                                              jd2=1; break;
  96   3                              case 0x09:                                    //门
  97   3                                      jd3++;
  98   3                                      count=0;
  99   3                                      temp=0;
 100   3                                      if(jd3==21)
 101   3                                      　　　　　jd3=20; break;
 102   3                              case 0x10:        
 103   3                                      temp=0;
 104   3                                      jd3--;
 105   3                                      count=0;
 106   3                                      if(jd3==0)
 107   3                                              jd3=1; break;   
 108   3      */
 109   3                      }
 110   2      
 111   2      
 112   2              }
 113   1      }
 114          
 115          void delay(uint z)         //延时函数
 116          {
C51 COMPILER V9.57.0.0   CAR                                                               05/02/2021 17:01:27 PAGE 3   

 117   1              uint x,y;
 118   1              for(x=z;x>0;x--)
 119   1                      for(y=110;y>0;y--);
 120   1      }
 121          
 122          void BlueteethInit()        //蓝牙中断初始化（定时器1）
 123          {
 124   1              TMOD= 0x21;        //T1工作模式为2，自动重装
 125   1              TH1 = 0xfd;        //设置波特率为9600
 126   1              TL1 = 0xfd;
 127   1              TH0= 0xff;         //0.5ms
 128   1              TL0=0x8c;            //0.25ms         //0.125ms
 129   1              ET0=1;               
 130   1              TR0=1;
 131   1              TR1= 1;      
 132   1              REN= 1;
 133   1              SM0= 0;
 134   1              SM1= 1;   
 135   1              ES= 1;         //串口中断允许位
 136   1              EA=1;         //终端控制允许
 137   1      }
 138          
 139          
 140          
 141          void Timer0_Int() interrupt 1     //定时器0工作方式1 16位定时计数（PWM）
 142          {
 143   1              TH0  = 0xff;            
 144   1              TL0  = 0x8c;
 145   1      
 146   1          if(count<jd1)              //判断0.5ms次数是否小于角度标识
 147   1                      {
 148   2                        PWM1=1;                //确实小于，PWM输出高电平   
 149   2                      }               
 150   1              else
 151   1                      {
 152   2                        PWM1=0;                                 //大于则输出低电平
 153   2                      }
 154   1              if(count<jd2)
 155   1                  {
 156   2                        PWM2=1;
 157   2                  }
 158   1              else
 159   1                      {
 160   2                        PWM2=0;
 161   2                      }
 162   1                      
 163   1          count=(count+1);     //0.5ms次数加1      
 164   1          count=count%160;     //次数始终保持为40 即保持周期为20ms
 165   1                      
 166   1            
 167   1      }
 168          
 169          void Com_Init() interrupt 4
 170          {
 171   1              RI=0;       //读标志清零
 172   1              temp=SBUF;  //将接收到的数据给temp
 173   1      }


MODULE INFORMATION:   STATIC OVERLAYABLE
   CODE SIZE        =    384    ----
   CONSTANT SIZE    =   ----    ----
C51 COMPILER V9.57.0.0   CAR                                                               05/02/2021 17:01:27 PAGE 4   

   XDATA SIZE       =   ----    ----
   PDATA SIZE       =   ----    ----
   DATA SIZE        =      4    ----
   IDATA SIZE       =   ----    ----
   BIT SIZE         =   ----    ----
END OF MODULE INFORMATION.


C51 COMPILATION COMPLETE.  0 WARNING(S),  0 ERROR(S)
