C51 COMPILER V9.57.0.0   MAIN                                                              11/03/2021 10:59:21 PAGE 1   


C51 COMPILER V9.57.0.0, COMPILATION OF MODULE MAIN
OBJECT MODULE PLACED IN .\Objects\main.obj
COMPILER INVOKED BY: D:\Keil_v5\C51\BIN\C51.EXE main.c OPTIMIZE(8,SPEED) BROWSE DEBUG OBJECTEXTEND PRINT(.\Listings\main
                    -.lst) TABS(2) OBJECT(.\Objects\main.obj)

line level    source

   1          #include<reg52.h>
   2          #include<Car_Init.h>
   3          #include<Com_Init.h>
   4          #define uchar unsigned char
   5          #define uint unsigned int
   6          //PWM输出(控制舵机)
   7          sbit SEV_PWM =P2^0;
   8          sbit SEH_PWM =P3^3;
   9          
  10          uchar temp;                  //temp储存蓝牙串口收到的信息
  11          uchar count=0;               //0.1ms次数标识
  12          uchar SEV_count=1;          //舵机角度标识
  13          uchar SEH_count=1;
  14          
  15          void PWM1(uchar x)
  16          {
  17   1        SEV_count=x;
  18   1      }
  19          
  20          void main()
  21          {
  22   1           EA = 1; 
  23   1           Car_Init();
  24   1             Com_Init();
  25   1            while(1)
  26   1          {
  27   2            switch(temp)
  28   2              {
  29   3                case 0x00: stop(); break; 
  30   3                case 0x01: go(); break;
  31   3                case 0x02: back(); break;
  32   3                case 0x03: left(); break;
  33   3                case 0x04: right(); break;
  34   3                case 0x05://舵机向上转
  35   3                    PWM1(5);
  36   3                        break;
  37   3                case 0x06://舵机下降
  38   3                  {
  39   4                    
  40   4                    if(SEV_count > 1)
  41   4                      {
  42   5                        SEV_count--; //保持0度
  43   5                      }
  44   4                    else
  45   4                      {
  46   5                        SEV_count=1;
  47   5                      }
  48   4                    count = 0;
  49   4                    break;
  50   4                  }   
  51   3                case 0x07://开
  52   3                  {
  53   4                    if(SEH_count >= 3)
  54   4                      {
C51 COMPILER V9.57.0.0   MAIN                                                              11/03/2021 10:59:21 PAGE 2   

  55   5                        SEH_count = 3; //保持90度 
  56   5                      }
  57   4                    SEH_count++;
  58   4                    count = 0;
  59   4                    break;
  60   4                  }   
  61   3                case 0x08://合
  62   3                  {
  63   4                    
  64   4                    if(SEH_count <= 1) //保持0度
  65   4                      {
  66   5                        SEH_count = 1;
  67   5                      }
  68   4                    SEH_count--;
  69   4                    count = 0;
  70   4                    break;
  71   4                  }
  72   3                }
  73   2          }
  74   1      }
  75          
  76          
  77          void uart_ser() interrupt 4  //串口中断函数
  78          {
  79   1         
  80   1           RI = 0;
  81   1           temp = SBUF; //将接收到的数据传给temp
  82   1         
  83   1      }
  84          
  85          
  86          void Timer0_Int() interrupt 1     //定时器0工作方式1 16位定时计数（PWM）
  87          {
  88   1              TH0  = 0xfe;            
  89   1              TL0  = 0x33;
  90   1          //舵机1
  91   1          if(count <= SEH_count) //控制占空比左右
  92   1            {
  93   2              SEH_PWM = 1;//如果count的计数小于（5-25）也就是0.5ms-2.5ms则这段小t周期持续高电平。产生方波
  94   2            }
  95   1          else
  96   1            {
  97   2              SEH_PWM = 0;
  98   2            }
  99   1          //舵机2
 100   1          if(count <= SEV_count) //控制占空比上下
 101   1            {
 102   2              SEV_PWM = 1;
 103   2            }
 104   1          else
 105   1            {
 106   2              SEV_PWM = 0;
 107   2            }
 108   1          count++;
 109   1          if (count >= 40)   //T = 20ms则定时器计数变量清0
 110   1            {
 111   2              count = 0;
 112   2            }
 113   1      }
 114          


C51 COMPILER V9.57.0.0   MAIN                                                              11/03/2021 10:59:21 PAGE 3   

MODULE INFORMATION:   STATIC OVERLAYABLE
   CODE SIZE        =    327    ----
   CONSTANT SIZE    =   ----    ----
   XDATA SIZE       =   ----    ----
   PDATA SIZE       =   ----    ----
   DATA SIZE        =      4    ----
   IDATA SIZE       =   ----    ----
   BIT SIZE         =   ----    ----
END OF MODULE INFORMATION.


C51 COMPILATION COMPLETE.  0 WARNING(S),  0 ERROR(S)
