C51 COMPILER V9.57.0.0   ________________                                                  05/16/2021 23:31:27 PAGE 1   


C51 COMPILER V9.57.0.0, COMPILATION OF MODULE ________________
OBJECT MODULE PLACED IN .\Objects\蓝牙控制舵机测试.obj
COMPILER INVOKED BY: D:\Keil_v5\C51\BIN\C51.EXE 蓝牙控制舵机测试.c OPTIMIZE(8,SPEED) BROWSE DEBUG OBJECTEXTEND PRINT(.\L
                    -istings\蓝牙控制舵机测试.lst) OBJECT(.\Objects\蓝牙控制舵机测试.obj)

line level    source

   1          #include <reg52.h>
   2          sbit  PWM01= P2^0;
   3          sbit  PWM02= P3^4;
   4          unsigned char count1;
   5          unsigned char count2;
   6          unsigned char count=0;
   7          unsigned char RxdByte = 0;  //串口接收到的字节
   8          void ConfigTimer0();
   9          void ConfigUART0(unsigned int baud);
  10           
  11          void PWM1(unsigned char x)
  12          {
  13   1              count1=x;
  14   1      }
  15          void PWM2(unsigned char x)
  16          {
  17   1              count2=x;
  18   1      }
  19           
  20          void main()
  21          {
  22   1          EA = 1;       //总中断
  23   1          ConfigTimer0();   //配置T0定时1ms
  24   1          ConfigUART0(9600);  //配置波特率为9600
  25   1          
  26   1          while (1)
  27   1          {  
  28   2                                              switch(RxdByte)
  29   2                                      {
  30   3                                              case 0x01:PWM1(5);break;//PWM1(5)手机向单片机发送‘0’，舵机转到0度
  31   3                                              case 0x02:PWM1(10);break;
  32   3                                              case 0x03:PWM1(15);break;//90
  33   3                                              case 0x04:PWM1(20);break;//135
  34   3                                              case 0x05:PWM1(25);break;//180
  35   3                          case 0x06:PWM2(5);break;//PWM1(5)手机向单片机发送‘0’，舵机转到0度
  36   3                                              case 0x07:PWM2(10);break;
  37   3                                              case 0x08:PWM2(15);break;
  38   3                                              case 0x09:PWM2(20);break;
  39   3                                              case 0x10:PWM2(25);break;
  40   3                                      }
  41   2      }
  42   1      }
  43          
  44          /* 配置并启动T0，ms-T0定时时间 */
  45          void ConfigTimer0()
  46          {
  47   1          TMOD &= 0xF0;   //清零T0的控制位
  48   1          TMOD |= 0x01;   //配置T0为模式1
  49   1          TH0 = 0xff;     //加载T0重载值的高字节
  50   1          TL0 = 0xa3 ;    //加载T0重载值的低字节
  51   1          ET0 = 1;        //使能T0中断
  52   1          TR0 = 1;        //启动T0
  53   1      }
  54          /* 串口配置函数，通信波特率 */
C51 COMPILER V9.57.0.0   ________________                                                  05/16/2021 23:31:27 PAGE 2   

  55          void ConfigUART0(unsigned int baud)
  56          {
  57   1          SCON  = 0x50;  //配置串口为模式1
  58   1          TMOD &= 0x0F;  //清零T1的控制位
  59   1          TMOD |= 0x20;  //配置T1为模式2
  60   1          TH1 = 256 - (11059200/12/32)/baud;  //计算T1重载值
  61   1          TL1 = TH1;     //初值等于重载值
  62   1          ET1 = 0;       //禁止T1中断
  63   1          ES  = 1;       //使能串口中断
  64   1          TR1 = 1;       //启动T1
  65   1      }
  66           
  67          /* T0中断服务函数，完成扫描 */
  68          void InterruptTimer0() interrupt 1
  69          {
  70   1          TH0 = 0xff ;  //重新加载重载值
  71   1          TL0 = 0xa3;
  72   1                if(count <= count1) 
  73   1          {
  74   2           
  75   2              PWM01 = 1;
  76   2          }
  77   1          else
  78   1          {
  79   2              PWM01 = 0;
  80   2          }
  81   1          count++;
  82   1           if(count <= count2) 
  83   1          {
  84   2           
  85   2              PWM02 = 1;
  86   2          }
  87   1          else
  88   1          {
  89   2              PWM02 = 0;
  90   2          }
  91   1          if (count >= 200) 
  92   1          {
  93   2              count = 0;
  94   2                              
  95   2          }
  96   1              
  97   1      }
  98          /* UART中断服务函数 */
  99          void InterruptUART0() interrupt 4
 100          {
 101   1          if (RI)  //接收到字节
 102   1          {
 103   2              RI = 0;  //手动清零接收中断标志位
 104   2              RxdByte = SBUF;  //接收到的数据保存到接收字节变量中
 105   2              SBUF = RxdByte;  //接收到的数据又直接发回，叫作-"echo"，
 106   2                               //用以提示用户输入的信息是否已正确接收
 107   2          }
 108   1          if (TI)  //字节发送完毕
 109   1          {
 110   2              TI = 0;  //手动清零发送中断标志位
 111   2          }
 112   1      }


MODULE INFORMATION:   STATIC OVERLAYABLE
   CODE SIZE        =    233    ----
C51 COMPILER V9.57.0.0   ________________                                                  05/16/2021 23:31:27 PAGE 3   

   CONSTANT SIZE    =   ----    ----
   XDATA SIZE       =   ----    ----
   PDATA SIZE       =   ----    ----
   DATA SIZE        =      4    ----
   IDATA SIZE       =   ----    ----
   BIT SIZE         =   ----    ----
END OF MODULE INFORMATION.


C51 COMPILATION COMPLETE.  0 WARNING(S),  0 ERROR(S)
